I'm sorry, but errors were detected in your script. Please correct the
errors listed below, and try again.


The label next_scene is defined twice, at File "game/script.rpy", line 22:
label next_scene:
and File "game/script.rpy", line 30:
label next_scene:


Ren'Py Version: Ren'Py 8.2.0.24012702
Tue Mar  5 03:07:56 2024
